AREA .  .ABS.
	RADIX HEX
	BASE 0000
	SIZE 0000
	ATTRIB ABS OVR
	GLOBALS
		l__HEAP	0000
		l__BSEG	0000
		l_.  .ABS.	0000
		l__GSFINAL	0000
		l__ISEG	0000
		s_.  .ABS.	0000
		s__HEADER	0000
		l__XSEG	0000
		.init	0000
		l__OVERLAY	0000
		l__LIT	0000
		l__GSINITTAIL	0001
		l__GSINIT	0036
		l__DATA	0040
		l__CODE	0050
		l__BSS	0059
		l__BASE	00D2
		l__HOME	01D3
		l__HEADER	01E1
		s__CODE	0200
		s__HOME	0250
		s__BASE	0423
		s__LIT	04F5
		s__GSINIT	04F5
		s__GSINITTAIL	052B
		s__GSFINAL	052C
		.OAM	C000
		s__DATA	C0A0
		s__BSS	C0E0
		s__HEAP	C139
		s__BSEG	C139
		s__ISEG	C139
		s__XSEG	C139
		s__OVERLAY	C139
		.STACK	E000
		.refresh_OAM	FF80
AREA _CODE
	RADIX HEX
	BASE 0200
	SIZE 0050
	ATTRIB REL CON
	GLOBALS
		_main	0200
AREA _HEADER
	RADIX HEX
	BASE 0000
	SIZE 01E1
	ATTRIB ABS OVR
	GLOBALS
		_exit	01D2
AREA _HOME
	RADIX HEX
	BASE 0250
	SIZE 01D3
	ATTRIB REL CON
	GLOBALS
		.set_mode	0250
		.remove_VBL	0260
		.remove_LCD	0266
		.remove_TIM	026C
		.remove_SIO	0272
		.remove_JOY	0278
		.add_VBL	027E
		.add_LCD	0284
		.add_TIM	028A
		.add_SIO	0290
		.add_JOY	0296
		.remove_int	029C
		.add_int	02BC
		.wait_vbl_done	02D8
		_wait_vbl_done	02D8
		_display_off	02EF
		.display_off	02EF
		.serial_IO	0310
		_mode	033F
		_get_mode	0348
		_enable_interrupts	034D
		_disable_interrupts	034F
		_reset	0351
		.reset	0351
		_set_interrupts	0357
		_remove_VBL	0362
		_remove_LCD	036D
		_remove_TIM	0378
		_remove_SIO	0383
		_remove_JOY	038E
		_add_VBL	0399
		_add_LCD	03A4
		_add_TIM	03AF
		_add_SIO	03BA
		_add_JOY	03C5
		_clock	03D0
		__printTStates	03D9
		banked_call	03DA
		banked_ret	03F3
		__initrleblock	03FC
AREA _BASE
	RADIX HEX
	BASE 0423
	SIZE 00D2
	ATTRIB REL CON
	GLOBALS
		.mv_sprite	0423
		_move_sprite	0432
		_set_win_data	043F
		_set_bkg_data	043F
		_set_sprite_data	048C
		.set_sprite_tile	04BB
		_set_sprite_tile	04C8
		.copy_vram	04D3
		_get_data	04E2
		_set_data	04E2
AREA _LIT
	RADIX HEX
	BASE 04F5
	SIZE 0000
	ATTRIB REL CON
AREA _GSINIT
	RADIX HEX
	BASE 04F5
	SIZE 0036
	ATTRIB REL CON
	GLOBALS
		gsinit	04F5
AREA _GSINITTAIL
	RADIX HEX
	BASE 052B
	SIZE 0001
	ATTRIB REL CON
AREA _GSFINAL
	RADIX HEX
	BASE 052C
	SIZE 0000
	ATTRIB REL CON
AREA _DATA
	RADIX HEX
	BASE C0A0
	SIZE 0040
	ATTRIB REL CON
	GLOBALS
		_Stripes	C0A0
AREA _BSS
	RADIX HEX
	BASE C0E0
	SIZE 0059
	ATTRIB REL CON
	GLOBALS
		__cpu	C0E0
		.mode	C0E1
		__io_out	C0E2
		__io_in	C0E3
		__io_status	C0E4
		.vbl_done	C0E5
		__current_bank	C0E6
		_sys_time	C0E7
		.sys_time	C0E7
		.int_0x40	C0E9
		.int_0x48	C0F9
		.int_0x50	C109
		.int_0x58	C119
		.int_0x60	C129
AREA _HEAP
	RADIX HEX
	BASE C139
	SIZE 0000
	ATTRIB REL CON
	GLOBALS
		_malloc_heap_start	C139
AREA _OVERLAY
	RADIX HEX
	BASE C139
	SIZE 0000
	ATTRIB REL CON
AREA _ISEG
	RADIX HEX
	BASE C139
	SIZE 0000
	ATTRIB REL CON
AREA _BSEG
	RADIX HEX
	BASE C139
	SIZE 0000
	ATTRIB REL CON
AREA _XSEG
	RADIX HEX
	BASE C139
	SIZE 0000
	ATTRIB REL CON
MODULES
	FILE /home/john/Documents/gbdk/lib/small/asxxxx/gb/crt0.o
		NAME Runtime
	FILE test01.o
		NAME lcc81000
LIBRARIES
	LIBRARY /home/john/Documents/gbdk/lib/small/asxxxx/gbz80/gbz80.lib
		MODULE crt0_rle.o
	LIBRARY /home/john/Documents/gbdk/lib/small/asxxxx/gb/gb.lib
		MODULE mv_spr.o
	LIBRARY /home/john/Documents/gbdk/lib/small/asxxxx/gb/gb.lib
		MODULE set_data.o
	LIBRARY /home/john/Documents/gbdk/lib/small/asxxxx/gb/gb.lib
		MODULE set_spr.o
	LIBRARY /home/john/Documents/gbdk/lib/small/asxxxx/gb/gb.lib
		MODULE cpy_data.o
USERBASEDEF
	_CODE=0x0200
	_DATA=0xC0A0
	_CODE_1=0x4000
USERGLOBALDEF
	.OAM=0xC000
	.STACK=0xE000
	.refresh_OAM=0xFF80
	.init=0x0000
