                              1 ;--------------------------------------------------------
                              2 ; File Created by SDCC : FreeWare ANSI-C Compiler
                              3 ; Version 2.3.1 Fri Aug 23 17:32:06 2019
                              4 
                              5 ;--------------------------------------------------------
                              6 	.module lcc81000
                              7 	
                              8 ;--------------------------------------------------------
                              9 ; Public variables in this module
                             10 ;--------------------------------------------------------
                             11 	.globl _main
                             12 	.globl _Stripes
                             13 ;--------------------------------------------------------
                             14 ; special function registers
                             15 ;--------------------------------------------------------
                             16 ;--------------------------------------------------------
                             17 ; special function bits 
                             18 ;--------------------------------------------------------
                             19 ;--------------------------------------------------------
                             20 ; internal ram data
                             21 ;--------------------------------------------------------
                             22 	.area _DATA
   0000                      23 _Stripes::
   0000                      24 	.ds 64
                             25 ;--------------------------------------------------------
                             26 ; overlayable items in internal ram 
                             27 ;--------------------------------------------------------
                             28 	.area _OVERLAY
                             29 ;--------------------------------------------------------
                             30 ; indirectly addressable internal ram data
                             31 ;--------------------------------------------------------
                             32 	.area _ISEG
                             33 ;--------------------------------------------------------
                             34 ; bit data
                             35 ;--------------------------------------------------------
                             36 	.area _BSEG
                             37 ;--------------------------------------------------------
                             38 ; external ram data
                             39 ;--------------------------------------------------------
                             40 	.area _XSEG
                             41 ;--------------------------------------------------------
                             42 ; global & static initialisations
                             43 ;--------------------------------------------------------
                             44 	.area _GSINIT
                             45 	.area _GSFINAL
                             46 	.area _GSINIT
                             47 ;	test01.c 1
                             48 ;	test01.c 13
                             49 ;	genArrayInit
                             50 ; _saveRegsForCall: sendSetSize: 0 deInUse: 0 bcInUse: 0 deSending: 0
   0000 21 00 00             51 	ld	hl,#_Stripes
   0003 CD 00 00             52 	call	__initrleblock
   0006 01                   53 	.db	1
   0007 FF                   54 	.db	0xFF
   0008 FA 00                55 	.db	-6,0x00
   000A 02                   56 	.db	2
   000B FF 00                57 	.db	0xFF, 0x00
   000D FA FF                58 	.db	-6,0xFF
   000F 12                   59 	.db	18
   0010 00 00 FF 2A FF FF    60 	.db	0x00, 0x00, 0xFF, 0x2A, 0xFF, 0xFF, 0x2A, 0xFF
        2A FF
   0018 00 00 FF 2A FF FF    61 	.db	0x00, 0x00, 0xFF, 0x2A, 0xFF, 0xFF, 0x2A, 0xFF
        2A FF
   0020 00 00                62 	.db	0x00, 0x00
   0022 FA FF                63 	.db	-6,0xFF
   0024 02                   64 	.db	2
   0025 00 00                65 	.db	0x00, 0x00
   0027 FA FF                66 	.db	-6,0xFF
   0029 02                   67 	.db	2
   002A 00 00                68 	.db	0x00, 0x00
   002C FA FF                69 	.db	-6,0xFF
   002E 02                   70 	.db	2
   002F 00 FF                71 	.db	0x00, 0xFF
   0031 FA 00                72 	.db	-6,0x00
   0033 01                   73 	.db	1
   0034 FF                   74 	.db	0xFF
   0035 00                   75 	.db	0
                             76 ;--------------------------------------------------------
                             77 ; Home
                             78 ;--------------------------------------------------------
                             79 	.area _HOME
                             80 	.area _CODE
                             81 ;--------------------------------------------------------
                             82 ; code
                             83 ;--------------------------------------------------------
                             84 	.area _CODE
                             85 ;	test01.c 5
                             86 ;	genLabel
                             87 ;	genFunction
                             88 ;	---------------------------------
                             89 ; Function main
                             90 ; ---------------------------------
   0000                      91 ___main_start:
   0000                      92 _main:
   0000 E8 FD                93 	lda	sp,-3(sp)
                             94 ;	test01.c 6
                             95 ;	genIpush
                             96 ; _saveRegsForCall: sendSetSize: 0 deInUse: 0 bcInUse: 0 deSending: 0
   0002 21 00 00             97 	ld	hl,#_Stripes
   0005 E5                   98 	push	hl
                             99 ;	genIpush
   0006 21 00 01            100 	ld	hl,#0x0100
   0009 E5                  101 	push	hl
                            102 ;	genCall
   000A CD 00 00            103 	call	_set_sprite_data
   000D E8 04               104 	lda	sp,4(sp)
                            105 ;	test01.c 7
                            106 ;	genIpush
                            107 ; _saveRegsForCall: sendSetSize: 0 deInUse: 0 bcInUse: 0 deSending: 0
   000F 21 00 00            108 	ld	hl,#0x0000
   0012 E5                  109 	push	hl
                            110 ;	genCall
   0013 CD 00 00            111 	call	_set_sprite_tile
   0016 E8 02               112 	lda	sp,2(sp)
                            113 ;	test01.c 8
                            114 ;	genIpush
                            115 ; _saveRegsForCall: sendSetSize: 0 deInUse: 0 bcInUse: 0 deSending: 0
   0018 21 00 01            116 	ld	hl,#0x0100
   001B E5                  117 	push	hl
                            118 ;	genCall
   001C CD 00 00            119 	call	_set_sprite_tile
   001F E8 02               120 	lda	sp,2(sp)
                            121 ;	test01.c 9
                            122 ;	genIpush
                            123 ; _saveRegsForCall: sendSetSize: 0 deInUse: 0 bcInUse: 0 deSending: 0
   0021 21 00 02            124 	ld	hl,#0x0200
   0024 E5                  125 	push	hl
                            126 ;	genCall
   0025 CD 00 00            127 	call	_set_sprite_tile
   0028 E8 02               128 	lda	sp,2(sp)
                            129 ;	test01.c 10
                            130 ;	genIpush
                            131 ; _saveRegsForCall: sendSetSize: 0 deInUse: 0 bcInUse: 0 deSending: 0
   002A 21 58 4E            132 	ld	hl,#0x4E58
   002D E5                  133 	push	hl
                            134 ;	genIpush
   002E 3E 00               135 	ld	a,#0x00
   0030 F5                  136 	push	af
   0031 33                  137 	inc	sp
                            138 ;	genCall
   0032 CD 00 00            139 	call	_move_sprite
   0035 E8 03               140 	lda	sp,3(sp)
                            141 ;	test01.c 11
                            142 ;	genAssign
   0037 01 40 FF            143 	ld	bc,#0xFF40
                            144 ;	genAssign
                            145 ;	AOP_STK for _main_sloc0_1_0
   003A F8 01               146 	lda	hl,1(sp)
   003C 36 40               147 	ld	(hl),#0x40
   003E 23                  148 	inc	hl
   003F 36 FF               149 	ld	(hl),#0xFF
                            150 ;	genPointerGet
                            151 ;	AOP_STK for _main_sloc0_1_0
                            152 ;	AOP_STK for _main_sloc1_1_0
   0041 2B                  153 	dec	hl
   0042 5E                  154 	ld	e,(hl)
   0043 23                  155 	inc	hl
   0044 56                  156 	ld	d,(hl)
   0045 1A                  157 	ld	a,(de)
   0046 2B                  158 	dec	hl
   0047 2B                  159 	dec	hl
                            160 ;	genOr
                            161 ;	AOP_STK for _main_sloc1_1_0
   0048 77                  162 	ld      (hl),a
   0049 7F                  163 	ld      a,a
   004A F6 02               164 	or	a,#0x02
                            165 ;	genAssign (pointer)
   004C 02                  166 	ld	(bc),a
                            167 ;	genLabel
   004D                     168 00101$:
                            169 ;	genEndFunction
   004D E8 03               170 	lda	sp,3(sp)
   004F C9                  171 	ret
   0050                     172 ___main_end:
                            173 	.area _CODE
ASxxxx Assembler V01.75  (GameBoy Z80-like CPU), page 1.

Symbol Table

  1 _Stripes                           0000 GR
  0 ___main_end                        0050 R
  0 ___main_start                      0000 R
    __initrleblock                     **** GX
  0 _main                              0000 GR
    _move_sprite                       **** GX
    _set_sprite_data                   **** GX
    _set_sprite_tile                   **** GX

ASxxxx Assembler V01.75  (GameBoy Z80-like CPU), page 2.

Area Table

   0 _CODE                              size   50   flags 0
   1 _DATA                              size   40   flags 0
   2 _OVERLAY                           size    0   flags 0
   3 _ISEG                              size    0   flags 0
   4 _BSEG                              size    0   flags 0
   5 _XSEG                              size    0   flags 0
   6 _GSINIT                            size   36   flags 0
   7 _GSFINAL                           size    0   flags 0
   8 _HOME                              size    0   flags 0
